5034 listed, 3275 to fetch (1759 cached or known-missing)
  CYOW: 87297 rows
  CYQB: 87234 rows
  CYUL: 87345 rows
  CYVR: 87071 rows
  CYWG: 87281 rows
-- 5/3275 (876 stations/hr)
  CYXE: 87293 rows
  CYYC: 87167 rows
  CYYJ: 87221 rows
  CYYT: 87248 rows
  CYYZ: 87284 rows
-- 10/3275 (318 stations/hr)
  YPCC: 85997 rows
  FZAA: 57467 rows
  FZIC: 10220 rows
  FZNA: 10434 rows
  FZQA: 8168 rows
-- 15/3275 (356 stations/hr)
  FEFF: 72256 rows
  FCBB: 73318 rows
  FCPP: 71907 rows
  LSGG: 87618 rows
  LSZH: 87573 rows
-- 20/3275 (370 stations/hr)
  DIAP: 86467 rows
  DIYO: 15425 rows
  NCRG: 85872 rows
  SCCI: 69979 rows
  SCDA: 75304 rows
-- 25/3275 (335 stations/hr)
  SCEL: 87149 rows
  SCFA: 75219 rows
  SCIE: 73851 rows
  SCIP: 73129 rows
  SCQP: 59527 rows
-- 30/3275 (330 stations/hr)
  SCTE: 73498 rows
  FKKD: 77639 rows
  FKKR: 55841 rows
  FKYS: 70085 rows
  ZBAA: 87624 rows
-- 35/3275 (313 stations/hr)
  ZBAD: 55209 rows
  ZBHH: 87614 rows
  ZBSJ: 87538 rows
  ZBTJ: 87628 rows
  ZBYN: 87626 rows
-- 40/3275 (321 stations/hr)
  ZGGG: 87643 rows
  ZGHA: 87537 rows
  ZGKL: 87618 rows
  ZGNN: 87630 rows
  ZGOW: 87627 rows
-- 45/3275 (312 stations/hr)
  ZGSZ: 87622 rows
  ZHCC: 87541 rows
  ZHEC: 12189 rows
  ZHHH: 87615 rows
  ZJHK: 87539 rows
-- 50/3275 (329 stations/hr)
  ZJSY: 87630 rows
  ZLLL: 87607 rows
  ZLXY: 87625 rows
  ZPPP: 87630 rows
  ZSAM: 87601 rows
-- 55/3275 (335 stations/hr)
  ZSFZ: 87548 rows
  ZSHC: 87627 rows
  ZSNB: 87543 rows
  ZSNJ: 87620 rows
  ZSOF: 87599 rows
-- 60/3275 (348 stations/hr)
  ZSPD: 87615 rows
  ZSQD: 87628 rows
  ZSSS: 87626 rows
  ZUCK: 87617 rows
  ZUGY: 87610 rows
-- 65/3275 (359 stations/hr)
  ZUTF: 39947 rows
  ZUUU: 87617 rows
  ZWSH: 87155 rows
  ZWWW: 87613 rows
  ZYCC: 87537 rows
-- 70/3275 (369 stations/hr)
  ZYHB: 87606 rows
  ZYTL: 87625 rows
  ZYTX: 87626 rows
  SKBO: 87040 rows
  SKBQ: 86575 rows
-- 75/3275 (376 stations/hr)
  SKCG: 84724 rows
  SKCL: 86386 rows
  SKRG: 86901 rows
  SKSP: 86225 rows
  MRLB: 66577 rows
-- 80/3275 (383 stations/hr)
  MROC: 87094 rows
  MUCM: 70844 rows
  MUCU: 63927 rows
  MUHA: 36034 rows
  MUHG: 79084 rows
-- 85/3275 (379 stations/hr)
  MUSC: 70412 rows
  MUVR: 74624 rows
  GVAC: 85898 rows
  GVBA: 44510 rows
  GVNP: 85587 rows
-- 90/3275 (374 stations/hr)
  GVSV: 85703 rows
  TNCC: 86588 rows
  LCEN: 86691 rows
  LCLK: 87399 rows
  LCPH: 87377 rows
-- 95/3275 (375 stations/hr)
  LKKV: 87552 rows
  LKMT: 87502 rows
  LKPD: 86905 rows
  LKPR: 87544 rows
  EDDB: 87635 rows
-- 100/3275 (378 stations/hr)
  EDDC: 87638 rows
  EDDE: 87632 rows
  EDDF: 87632 rows
  EDDG: 87640 rows
  EDDH: 87633 rows
-- 105/3275 (383 stations/hr)
  EDDK: 87632 rows
  EDDL: 87631 rows
  EDDM: 87621 rows
  EDDN: 87625 rows
  EDDP: 87638 rows
-- 110/3275 (380 stations/hr)
  EDDS: 87644 rows
  EDDV: 87623 rows
  EDDW: 87632 rows
  EDFH: 87072 rows
  EDJA: 77426 rows
-- 115/3275 (377 stations/hr)
  EDLP: 83683 rows
  EDLV: 74561 rows
  EDLW: 82314 rows
  EDNY: 86463 rows
  EDSB: 84263 rows
-- 120/3275 (382 stations/hr)
  EDVK: 64573 rows
  HDAM: 29439 rows
  EKAH: 87515 rows
  EKBI: 87303 rows
  EKCH: 85794 rows
-- 125/3275 (384 stations/hr)
  EKOD: 40804 rows
  EKYT: 85813 rows
  MDLR: 58419 rows
  MDPC: 83484 rows
  MDSD: 81756 rows
-- 130/3275 (385 stations/hr)
  MDST: 81999 rows
  DAAE: 83912 rows
  DAAG: 86153 rows
  DAAJ: 83132 rows
  DAAT: 86009 rows
-- 135/3275 (383 stations/hr)
  DAAV: 83997 rows
  DABB: 85537 rows
  DABC: 85546 rows
  DABT: 83930 rows
  DAOI: 84219 rows
-- 140/3275 (386 stations/hr)
  DAON: 85280 rows
  DAOO: 86122 rows
  DAUB: 85137 rows
  SEGU: 85272 rows
  SEQM: 85945 rows
-- 145/3275 (388 stations/hr)
  SESA: 52514 rows
  SETN: 39136 rows
  EETN: 87554 rows
  HEAL: 5227 rows
  HEAR: 28892 rows
-- 150/3275 (391 stations/hr)
  HEAT: 82522 rows
  HEAX: 61312 rows
  HECA: 87140 rows
  HEGN: 83171 rows
  HELX: 85678 rows
-- 155/3275 (394 stations/hr)
  HEMA: 69484 rows
  HEMM: 81997 rows
  HEPS: 82021 rows
  HESG: 80929 rows
  HESH: 82489 rows
-- 160/3275 (397 stations/hr)
  HESN: 66989 rows
  HESX: 21087 rows
  GMMH: 52980 rows
  GMML: 77393 rows
  GCFV: 87350 rows
-- 165/3275 (400 stations/hr)
  GCLP: 87500 rows
  GCRR: 87530 rows
  GCTS: 85923 rows
  GCXO: 87372 rows
  LEAL: 87322 rows
-- 170/3275 (401 stations/hr)
  LEAS: 86337 rows
  LEBB: 86356 rows
  LEBL: 87303 rows
  LEGE: 86942 rows
  LEIB: 85338 rows
-- 175/3275 (403 stations/hr)
  LEMD: 87251 rows
  LEMG: 87406 rows
  LEMH: 87480 rows
  LEMI: 4761 rows
  LEPA: 87387 rows
-- 180/3275 (402 stations/hr)
  LERS: 87391 rows
  LEST: 87333 rows
  LEVC: 87389 rows
  LEZG: 87316 rows
  LEZL: 87088 rows
-- 185/3275 (405 stations/hr)
  HAAB: 49482 rows
  HADR: 2229 rows
  EFHK: 87565 rows
  EFIV: 86691 rows
  EFKT: 87140 rows
-- 190/3275 (407 stations/hr)
  EFKU: 87180 rows
  EFLP: 84046 rows
  EFMA: 87086 rows
  EFOU: 87529 rows
  EFRO: 87370 rows
-- 195/3275 (401 stations/hr)
  EFTP: 87348 rows
  EFTU: 87384 rows
  EFVA: 87402 rows
  NFFN: 87610 rows
  NFNA: 84284 rows
-- 200/3275 (404 stations/hr)
  EGYP: 85783 rows
  PTKK: 54401 rows
  PTSA: 17604 rows
  PTYA: 51879 rows
  EKVG: 85628 rows
-- 205/3275 (404 stations/hr)
  LFBD: 87331 rows
  LFBO: 87259 rows
  LFKB: 86927 rows
  LFKF: 87466 rows
  LFLC: 87458 rows
-- 210/3275 (404 stations/hr)
  LFLL: 86684 rows
  LFML: 87496 rows
  LFMN: 86724 rows
  LFMT: 87226 rows
  LFOB: 87250 rows
-- 215/3275 (404 stations/hr)
  LFPB: 86128 rows
  LFPG: 87520 rows
  LFPO: 86460 rows
  LFQQ: 86985 rows
  LFRB: 86708 rows
-- 220/3275 (406 stations/hr)
  LFSB: 86993 rows
  LFST: 87125 rows
  FOOG: 64843 rows
  FOOL: 78754 rows
  FOON: 47030 rows
-- 225/3275 (406 stations/hr)
  EGAA: 86506 rows
  EGBB: 87212 rows
  EGCC: 87627 rows
  EGFF: 87621 rows
  EGGD: 87541 rows
-- 230/3275 (406 stations/hr)
  EGGP: 86829 rows
  EGGW: 87647 rows
  EGKK: 87449 rows
  EGLL: 87624 rows
  EGNM: 77411 rows
-- 235/3275 (407 stations/hr)
  EGNT: 85069 rows
  EGNX: 85713 rows
  EGPD: 87605 rows
  EGPF: 87631 rows
  EGPH: 86846 rows
-- 240/3275 (408 stations/hr)
  EGPK: 86801 rows
  EGSS: 87636 rows
  TGPY: 83976 rows
  UGKO: 87299 rows
  UGSB: 87267 rows
-- 245/3275 (408 stations/hr)
  UGTB: 87275 rows
  SOCA: 87349 rows
  DGAA: 78466 rows
  DGLE: 9036 rows
  DGSI: 9233 rows
-- 250/3275 (404 stations/hr)
  LXGB: 87311 rows
  BGGH: 83873 rows
  GBYD: 80191 rows
  GUCY: 59382 rows
  TFFR: 86963 rows
-- 255/3275 (403 stations/hr)
  FGBT: 50719 rows
  FGSL: 74172 rows
  LGAV: 87242 rows
  LGIR: 87170 rows
  LGKO: 86803 rows
-- 260/3275 (403 stations/hr)
  LGKR: 85817 rows
  LGKV: 70116 rows
  LGRP: 86942 rows
  LGSA: 87141 rows
  LGSR: 73194 rows
-- 265/3275 (405 stations/hr)
  LGTS: 87144 rows
  MGGT: 81175 rows
  GGOV: 64643 rows
  SYCJ: 82330 rows
  VHHH: 87492 rows
-- 270/3275 (398 stations/hr)
  MHLM: 79342 rows
  MHPR: 4293 rows
  MHRO: 62459 rows
  LDDU: 87557 rows
  LDPL: 87582 rows
-- 275/3275 (394 stations/hr)
  LDRI: 80052 rows
  LDSP: 87589 rows
  LDZA: 87579 rows
  LDZD: 87591 rows
  MTCH: 2847 rows
-- 280/3275 (395 stations/hr)
  MTPP: 33542 rows
  LHBP: 87617 rows
  LHDC: 35716 rows
  LHPP: 51082 rows
  WAAA: 85139 rows
-- 285/3275 (395 stations/hr)
  WADD: 81075 rows
  WADL: 78377 rows
  WAHI: 1456 rows
  WAHQ: 10182 rows
  WAHS: 64756 rows
-- 290/3275 (394 stations/hr)
  WAJJ: 77825 rows
  WALL: 61333 rows
  WAMM: 84676 rows
  WAOO: 67037 rows
  WAPP: 60664 rows
-- 295/3275 (395 stations/hr)
  WARR: 64686 rows
  WIDD: 73147 rows
  WIEE: 55303 rows
  WIHH: 51358 rows
  WIII: 87013 rows
-- 300/3275 (396 stations/hr)
  WIMM: 72916 rows
  WIOO: 58305 rows
  WITT: 1432 rows
  EICK: 87299 rows
  EIDW: 87564 rows
-- 305/3275 (397 stations/hr)
  EIKN: 43780 rows
  EINN: 87594 rows
  LLBG: 87416 rows
  LLER: 41891 rows
  EGNS: 86107 rows
-- 310/3275 (391 stations/hr)
  VAAH: 84542 rows
  VABB: 86750 rows
  VABO: 55457 rows
  VABP: 56328 rows
  VAHS: 13009 rows
-- 315/3275 (389 stations/hr)
  VAID: 59735 rows
  VANP: 84210 rows
  VAOZ: 2959 rows
  VAPO: 2654 rows
  VASD: 21445 rows
-- 320/3275 (391 stations/hr)
  VASU: 51488 rows
  VEBD: 9179 rows
  VEBN: 63778 rows
  VEBS: 84815 rows
  VECC: 87301 rows
-- 325/3275 (392 stations/hr)
  VEGT: 75185 rows
  VEIM: 39098 rows
  VIAR: 80895 rows
  VICG: 14633 rows
  VIDP: 85717 rows
-- 330/3275 (390 stations/hr)
  VIJP: 81254 rows
  VILK: 74871 rows
  VISR: 16376 rows
  VOBL: 86605 rows
  VOBZ: 60525 rows
-- 335/3275 (391 stations/hr)
  VOCB: 85834 rows
  VOCI: 85422 rows
  VOCL: 85659 rows
  VOGA: 25390 rows
  VOGO: 50769 rows
-- 340/3275 (392 stations/hr)
  VOHS: 82509 rows
  VOKN: 58209 rows
  VOML: 84839 rows
  VOMM: 87273 rows
  VOPB: 35697 rows
-- 345/3275 (387 stations/hr)
  VOTP: 55743 rows
  VOTR: 86728 rows
  VOTV: 85953 rows
  VOVZ: 80038 rows
  ORBI: 85047 rows
-- 350/3275 (388 stations/hr)
  ORER: 78095 rows
  ORKK: 4796 rows
  ORMM: 72923 rows
  ORNI: 75657 rows
  OIAA: 86055 rows
-- 355/3275 (386 stations/hr)
  OIAW: 85681 rows
  OIBK: 85344 rows
  OIFM: 87138 rows
  OIIE: 86949 rows
  OIII: 86754 rows
-- 360/3275 (386 stations/hr)
  OIIP: 73575 rows
  OIKB: 86949 rows
  OIKK: 86491 rows
  OIKQ: 85182 rows
  OIMB: 86317 rows
-- 365/3275 (388 stations/hr)
  OIMM: 87048 rows
  OISS: 86462 rows
  OITT: 86808 rows
  OIZH: 85312 rows
  BIAR: 86259 rows
-- 370/3275 (387 stations/hr)
  BIKF: 86486 rows
  LIBD: 86275 rows
  LIBP: 85162 rows
  LIBR: 66901 rows
  LICA: 86180 rows
-- 375/3275 (387 stations/hr)
  LICC: 86722 rows
  LICJ: 85730 rows
  LIEE: 86003 rows
  LIEO: 84371 rows
  LIMC: 87027 rows
-- 380/3275 (388 stations/hr)
  LIME: 86959 rows
  LIMF: 86948 rows
  LIMJ: 86251 rows
  LIML: 84490 rows
  LIPE: 86699 rows
-- 385/3275 (389 stations/hr)
  LIPH: 80983 rows
  LIPQ: 83913 rows
  LIPR: 64313 rows
  LIPX: 86364 rows
  LIPZ: 86736 rows
-- 390/3275 (390 stations/hr)
  LIRA: 85754 rows
  LIRF: 87201 rows
  LIRN: 86465 rows
  LIRP: 87255 rows
  LIRQ: 87043 rows
-- 395/3275 (391 stations/hr)
  LIRZ: 79084 rows
  MKJP: 87134 rows
  MKJS: 87065 rows
  OJAI: 85679 rows
  OJAM: 86728 rows
-- 400/3275 (391 stations/hr)
  OJAQ: 80848 rows
  RJAA: 87039 rows
  RJAH: 87587 rows
  RJBB: 87531 rows
  RJBE: 56900 rows
-- 405/3275 (392 stations/hr)
  RJCC: 87504 rows
  RJCH: 58576 rows
  RJFF: 87595 rows
  RJFK: 58413 rows
  RJFM: 64191 rows
-- 410/3275 (393 stations/hr)
  RJFR: 87619 rows
  RJFS: 68590 rows
  RJFT: 58327 rows
  RJFU: 55719 rows
  RJGG: 87513 rows
-- 415/3275 (394 stations/hr)
  RJNK: 87559 rows
  RJNS: 52260 rows
  RJOA: 63945 rows
  RJOB: 55739 rows
  RJOK: 61567 rows
-- 420/3275 (395 stations/hr)
  RJOM: 55734 rows
  RJOO: 69510 rows
  RJOS: 61743 rows
  RJOT: 55678 rows
  RJSA: 58175 rows
-- 425/3275 (396 stations/hr)
  RJSN: 61612 rows
  RJSS: 58318 rows
  RJTT: 87507 rows
  ROAH: 87624 rows
  RODN: 74100 rows
-- 430/3275 (396 stations/hr)
  HKEL: 79820 rows
  HKJK: 77535 rows
  HKKI: 70390 rows
  HKMO: 78152 rows
  UCFL: 81012 rows
-- 435/3275 (396 stations/hr)
  UCFM: 87204 rows
  UCFO: 87104 rows
  VDPP: 78350 rows
  VDSA: 4400 rows
  VDSV: 4397 rows
-- 440/3275 (396 stations/hr)
  NGTA: 81028 rows
  PLCH: 85565 rows
  FMCH: 40941 rows
  TKPK: 55839 rows
  RKJB: 87456 rows
-- 445/3275 (397 stations/hr)
  RKNY: 87520 rows
  RKPC: 87015 rows
  RKPK: 87516 rows
  RKSI: 87473 rows
  RKSS: 87586 rows
-- 450/3275 (397 stations/hr)
  RKTN: 87481 rows
  RKTU: 87429 rows
  OKKK: 86169 rows
  MWCR: 59630 rows
  UAAA: 86976 rows
-- 455/3275 (398 stations/hr)
  UACC: 87102 rows
  UACK: 43083 rows
  UACP: 39652 rows
  UADD: 87290 rows
  UAII: 87054 rows
-- 460/3275 (395 stations/hr)
  UAIT: 39505 rows
  UAKD: 39916 rows
  UAKK: 87060 rows
  UAOO: 87270 rows
  UARR: 87480 rows
-- 465/3275 (396 stations/hr)
  UASK: 87150 rows
  UASP: 85039 rows
  UASS: 50260 rows
  UATE: 87143 rows
  UATG: 86976 rows
-- 470/3275 (397 stations/hr)
  UATT: 87172 rows
  UAUU: 83874 rows
  VLLB: 44641 rows
  VLPS: 42292 rows
  VLVT: 60905 rows
-- 475/3275 (394 stations/hr)
  OLBA: 84152 rows
  TLPL: 84330 rows
  VCBI: 83682 rows
  VCCC: 10526 rows
  VCCJ: 2844 rows
-- 480/3275 (395 stations/hr)
  VCRI: 61426 rows
  GLRB: 65922 rows
  FXMM: 12873 rows
  EYKA: 87567 rows
  EYPA: 86562 rows
-- 485/3275 (392 stations/hr)
  EYVI: 86522 rows
  ELLX: 87511 rows
  EVLA: 84107 rows
  EVRA: 87643 rows
  HLLB: 3015 rows
-- 490/3275 (389 stations/hr)
  HLLM: 18319 rows
  GMAD: 87318 rows
  GMAZ: 19127 rows
  GMFF: 86959 rows
  GMFO: 87058 rows
-- 495/3275 (389 stations/hr)
  GMMD: 44605 rows
  GMME: 86543 rows
  GMMN: 86605 rows
  GMMW: 87175 rows
  GMMX: 86138 rows
-- 500/3275 (387 stations/hr)
  GMMZ: 87344 rows
  GMTN: 86297 rows
  GMTT: 86718 rows
  LUKK: 87565 rows
  LYPG: 86763 rows
-- 505/3275 (385 stations/hr)
  FMMI: 87379 rows
  FMMT: 85737 rows
  FMNM: 86219 rows
  FMNN: 37084 rows
  PKMJ: 10313 rows
-- 510/3275 (383 stations/hr)
  LWOH: 53097 rows
  LWSK: 86790 rows
  GABS: 84948 rows
  GATB: 3386 rows
  VYMD: 49363 rows
-- 515/3275 (383 stations/hr)
  VYNT: 4489 rows
  VYYY: 77640 rows
  ZMCK: 39421 rows
  ZMUB: 87573 rows
  VMMC: 85153 rows
-- 520/3275 (383 stations/hr)
  TFFF: 86416 rows
  GQNO: 78847 rows
  GQPP: 81824 rows
  TRPG: 43091 rows
  LMML: 87395 rows
-- 525/3275 (383 stations/hr)
  FIMP: 86287 rows
  VRMG: 12301 rows
  VRMH: 4080 rows
  VRMM: 80791 rows
  FWCL: 27395 rows
-- 530/3275 (384 stations/hr)
  FWKI: 42679 rows
  MMAA: 37464 rows
  MMAS: 40620 rows
  MMBT: 22576 rows
  MMCL: 32898 rows
-- 535/3275 (385 stations/hr)
  MMCS: 30301 rows
  MMCU: 33939 rows
  MMCZ: 25584 rows
  MMGL: 29335 rows
  MMHO: 61057 rows
-- 540/3275 (385 stations/hr)
  MMLO: 33235 rows
  MMLT: 22304 rows
  MMMD: 40051 rows
  MMMM: 39647 rows
  MMMX: 44541 rows
-- 545/3275 (386 stations/hr)
  MMMY: 54682 rows
  MMMZ: 29833 rows
  MMOX: 23063 rows
  MMPB: 17322 rows
  MMPR: 29493 rows
-- 550/3275 (387 stations/hr)
  MMQT: 38335 rows
  MMSD: 31659 rows
  MMSM: 26007 rows
  MMTJ: 36615 rows
  MMTL: 16025 rows
-- 555/3275 (389 stations/hr)
  MMTO: 49673 rows
  MMUN: 37137 rows
  MMVA: 29070 rows
  MMVR: 27862 rows
  MMZH: 23477 rows
-- 560/3275 (390 stations/hr)
  WBGG: 87597 rows
  WBKK: 87583 rows
  WMKI: 87471 rows
  WMKJ: 87590 rows
  WMKK: 87584 rows
-- 565/3275 (390 stations/hr)
  WMKL: 87544 rows
  WMKP: 87563 rows
  WMSA: 87583 rows
  FQBR: 71518 rows
  FQMA: 78909 rows
-- 570/3275 (390 stations/hr)
  FQNP: 71656 rows
  FQTT: 64834 rows
  FYWB: 68355 rows
  FYWH: 60578 rows
  NWWW: 87256 rows
-- 575/3275 (391 stations/hr)
  DRRN: 84948 rows
  DNAA: 59485 rows
  DNEN: 20648 rows
  DNIL: 20851 rows
  DNKA: 13448 rows
-- 580/3275 (391 stations/hr)
  DNKN: 53439 rows
  DNMA: 1643 rows
  DNMM: 73117 rows
  DNPO: 42489 rows
  DNSO: 11241 rows
-- 585/3275 (391 stations/hr)
  MNMG: 77587 rows
  EHAM: 87423 rows
  EHBK: 87609 rows
  EHEH: 86914 rows
  EHGG: 87552 rows
-- 590/3275 (390 stations/hr)
  EHRD: 87490 rows
  ENAL: 86785 rows
  ENBO: 87086 rows
  ENBR: 86936 rows
  ENCN: 87426 rows
-- 595/3275 (386 stations/hr)
  ENEV: 86374 rows
  ENGM: 87138 rows
  ENTC: 84608 rows
  ENTO: 86177 rows
  ENVA: 86282 rows
-- 600/3275 (384 stations/hr)
  ENZV: 87003 rows
  VNKT: 83329 rows
  NZAA: 87180 rows
  NZCH: 87199 rows
  NZQN: 15707 rows
-- 605/3275 (384 stations/hr)
  NZWN: 87121 rows
  OODQ: 64122 rows
  OOMS: 84786 rows
  OOSA: 85523 rows
  OOSH: 56775 rows
-- 610/3275 (384 stations/hr)
  MPTO: 84843 rows
  SPCL: 75121 rows
  SPHI: 75054 rows
  SPJC: 87158 rows
  SPJL: 43338 rows
-- 615/3275 (383 stations/hr)
